../Drivers/CMSIS/Include/core_cm4.h:1933:34:__NVIC_SystemReset	4	static,ignoring_inline_asm
../LoRaWAN/App/lora_app.c:341:6:LoRaWAN_Init	32	static
../LoRaWAN/App/lora_app.c:431:6:HAL_GPIO_EXTI_Callback	16	static
../LoRaWAN/App/lora_app.c:454:13:OnRxData	32	static
../LoRaWAN/App/lora_app.c:498:13:SendTxData	24	static
../LoRaWAN/App/lora_app.c:539:13:OnTxTimerEvent	16	static
../LoRaWAN/App/lora_app.c:554:13:OnTxTimerLedEvent	16	static
../LoRaWAN/App/lora_app.c:561:13:OnRxTimerLedEvent	16	static
../LoRaWAN/App/lora_app.c:568:13:OnJoinTimerLedEvent	16	static
../LoRaWAN/App/lora_app.c:577:13:OnTxData	32	static
../LoRaWAN/App/lora_app.c:608:13:OnJoinRequest	16	static
../LoRaWAN/App/lora_app.c:623:13:OnBeaconStatusChange	96	static
../LoRaWAN/App/lora_app.c:658:13:OnClassChange	24	static
../LoRaWAN/App/lora_app.c:665:13:OnMacProcessNotify	8	static
../LoRaWAN/App/lora_app.c:677:13:OnTxPeriodicityChanged	16	static
../LoRaWAN/App/lora_app.c:699:13:OnTxFrameCtrlChanged	16	static
../LoRaWAN/App/lora_app.c:710:13:OnPingSlotPeriodicityChanged	16	static
../LoRaWAN/App/lora_app.c:721:13:OnSystemReset	8	static
../LoRaWAN/App/lora_app.c:735:13:StopJoin	8	static
../LoRaWAN/App/lora_app.c:775:13:OnStopJoinTimerEvent	16	static
../LoRaWAN/App/lora_app.c:793:13:StoreContext	16	static
../LoRaWAN/App/lora_app.c:815:13:OnNvmDataChange	16	static
../LoRaWAN/App/lora_app.c:833:13:OnStoreContextRequest	16	static
../LoRaWAN/App/lora_app.c:852:13:OnRestoreContextRequest	16	static
