../Drivers/CMSIS/Include/core_cm4.h:1933:34:__NVIC_SystemReset	4	static,ignoring_inline_asm
../LoRaWAN/App/lora_app.c:341:6:LoRaWAN_Init	32	static
../LoRaWAN/App/lora_app.c:431:6:HAL_GPIO_EXTI_Callback	16	static
../LoRaWAN/App/lora_app.c:454:13:OnRxData	32	static
../LoRaWAN/App/lora_app.c:498:13:SendTxData	16	static
../LoRaWAN/App/lora_app.c:524:13:OnTxTimerEvent	16	static
../LoRaWAN/App/lora_app.c:539:13:OnTxTimerLedEvent	16	static
../LoRaWAN/App/lora_app.c:546:13:OnRxTimerLedEvent	16	static
../LoRaWAN/App/lora_app.c:553:13:OnJoinTimerLedEvent	16	static
../LoRaWAN/App/lora_app.c:562:13:OnTxData	32	static
../LoRaWAN/App/lora_app.c:593:13:OnJoinRequest	16	static
../LoRaWAN/App/lora_app.c:608:13:OnBeaconStatusChange	96	static
../LoRaWAN/App/lora_app.c:643:13:OnClassChange	24	static
../LoRaWAN/App/lora_app.c:650:13:OnMacProcessNotify	8	static
../LoRaWAN/App/lora_app.c:662:13:OnTxPeriodicityChanged	16	static
../LoRaWAN/App/lora_app.c:684:13:OnTxFrameCtrlChanged	16	static
../LoRaWAN/App/lora_app.c:695:13:OnPingSlotPeriodicityChanged	16	static
../LoRaWAN/App/lora_app.c:706:13:OnSystemReset	8	static
../LoRaWAN/App/lora_app.c:720:13:StopJoin	8	static
../LoRaWAN/App/lora_app.c:760:13:OnStopJoinTimerEvent	16	static
../LoRaWAN/App/lora_app.c:778:13:StoreContext	16	static
../LoRaWAN/App/lora_app.c:800:13:OnNvmDataChange	16	static
../LoRaWAN/App/lora_app.c:818:13:OnStoreContextRequest	16	static
../LoRaWAN/App/lora_app.c:837:13:OnRestoreContextRequest	16	static
