../Drivers/CMSIS/Include/core_cm4.h:1933:34:__NVIC_SystemReset	4	static,ignoring_inline_asm
../LoRaWAN/App/lora_app.c:343:6:LoRaWAN_Init	32	static
../LoRaWAN/App/lora_app.c:434:6:HAL_GPIO_EXTI_Callback	16	static
../LoRaWAN/App/lora_app.c:450:13:CurrentSensorCallback	24	static
../LoRaWAN/App/lora_app.c:533:13:OnRxData	32	static
../LoRaWAN/App/lora_app.c:573:13:SendTxData	16	static
../LoRaWAN/App/lora_app.c:599:13:OnTxTimerEvent	16	static
../LoRaWAN/App/lora_app.c:614:13:OnTxTimerLedEvent	16	static
../LoRaWAN/App/lora_app.c:621:13:OnRxTimerLedEvent	16	static
../LoRaWAN/App/lora_app.c:628:13:OnJoinTimerLedEvent	16	static
../LoRaWAN/App/lora_app.c:637:13:OnTxData	32	static
../LoRaWAN/App/lora_app.c:668:13:OnJoinRequest	16	static
../LoRaWAN/App/lora_app.c:680:13:OnBeaconStatusChange	96	static
../LoRaWAN/App/lora_app.c:715:13:OnClassChange	24	static
../LoRaWAN/App/lora_app.c:722:13:OnMacProcessNotify	8	static
../LoRaWAN/App/lora_app.c:734:13:OnTxPeriodicityChanged	16	static
../LoRaWAN/App/lora_app.c:756:13:OnTxFrameCtrlChanged	16	static
../LoRaWAN/App/lora_app.c:767:13:OnPingSlotPeriodicityChanged	16	static
../LoRaWAN/App/lora_app.c:778:13:OnSystemReset	8	static
../LoRaWAN/App/lora_app.c:792:13:StopJoin	8	static
../LoRaWAN/App/lora_app.c:832:13:OnStopJoinTimerEvent	16	static
../LoRaWAN/App/lora_app.c:850:13:StoreContext	16	static
../LoRaWAN/App/lora_app.c:872:13:OnNvmDataChange	16	static
../LoRaWAN/App/lora_app.c:890:13:OnStoreContextRequest	16	static
../LoRaWAN/App/lora_app.c:909:13:OnRestoreContextRequest	16	static
