../Drivers/CMSIS/Include/core_cm4.h:1933:34:__NVIC_SystemReset	4	static,ignoring_inline_asm
../LoRaWAN/App/lora_app.c:341:6:LoRaWAN_Init	32	static
../LoRaWAN/App/lora_app.c:431:6:HAL_GPIO_EXTI_Callback	16	static
../LoRaWAN/App/lora_app.c:454:13:OnRxData	32	static
../LoRaWAN/App/lora_app.c:494:13:SendTxData	16	static
../LoRaWAN/App/lora_app.c:520:13:OnTxTimerEvent	16	static
../LoRaWAN/App/lora_app.c:535:13:OnTxTimerLedEvent	16	static
../LoRaWAN/App/lora_app.c:542:13:OnRxTimerLedEvent	16	static
../LoRaWAN/App/lora_app.c:549:13:OnJoinTimerLedEvent	16	static
../LoRaWAN/App/lora_app.c:558:13:OnTxData	32	static
../LoRaWAN/App/lora_app.c:589:13:OnJoinRequest	16	static
../LoRaWAN/App/lora_app.c:602:13:OnBeaconStatusChange	96	static
../LoRaWAN/App/lora_app.c:637:13:OnClassChange	24	static
../LoRaWAN/App/lora_app.c:644:13:OnMacProcessNotify	8	static
../LoRaWAN/App/lora_app.c:656:13:OnTxPeriodicityChanged	16	static
../LoRaWAN/App/lora_app.c:678:13:OnTxFrameCtrlChanged	16	static
../LoRaWAN/App/lora_app.c:689:13:OnPingSlotPeriodicityChanged	16	static
../LoRaWAN/App/lora_app.c:700:13:OnSystemReset	8	static
../LoRaWAN/App/lora_app.c:714:13:StopJoin	8	static
../LoRaWAN/App/lora_app.c:754:13:OnStopJoinTimerEvent	16	static
../LoRaWAN/App/lora_app.c:772:13:StoreContext	16	static
../LoRaWAN/App/lora_app.c:794:13:OnNvmDataChange	16	static
../LoRaWAN/App/lora_app.c:812:13:OnStoreContextRequest	16	static
../LoRaWAN/App/lora_app.c:831:13:OnRestoreContextRequest	16	static
