../Drivers/CMSIS/Include/core_cm4.h:1933:34:__NVIC_SystemReset	4	static,ignoring_inline_asm
../LoRaWAN/App/lora_app.c:343:6:LoRaWAN_Init	32	static
../LoRaWAN/App/lora_app.c:434:6:HAL_GPIO_EXTI_Callback	16	static
../LoRaWAN/App/lora_app.c:450:13:CurrentSensorCallback	24	static
../LoRaWAN/App/lora_app.c:542:13:OnRxData	32	static
../LoRaWAN/App/lora_app.c:582:13:SendTxData	16	static
../LoRaWAN/App/lora_app.c:608:13:OnTxTimerEvent	16	static
../LoRaWAN/App/lora_app.c:623:13:OnTxTimerLedEvent	16	static
../LoRaWAN/App/lora_app.c:630:13:OnRxTimerLedEvent	16	static
../LoRaWAN/App/lora_app.c:637:13:OnJoinTimerLedEvent	16	static
../LoRaWAN/App/lora_app.c:646:13:OnTxData	32	static
../LoRaWAN/App/lora_app.c:677:13:OnJoinRequest	16	static
../LoRaWAN/App/lora_app.c:689:13:OnBeaconStatusChange	96	static
../LoRaWAN/App/lora_app.c:724:13:OnClassChange	24	static
../LoRaWAN/App/lora_app.c:731:13:OnMacProcessNotify	8	static
../LoRaWAN/App/lora_app.c:743:13:OnTxPeriodicityChanged	16	static
../LoRaWAN/App/lora_app.c:765:13:OnTxFrameCtrlChanged	16	static
../LoRaWAN/App/lora_app.c:776:13:OnPingSlotPeriodicityChanged	16	static
../LoRaWAN/App/lora_app.c:787:13:OnSystemReset	8	static
../LoRaWAN/App/lora_app.c:801:13:StopJoin	8	static
../LoRaWAN/App/lora_app.c:841:13:OnStopJoinTimerEvent	16	static
../LoRaWAN/App/lora_app.c:859:13:StoreContext	16	static
../LoRaWAN/App/lora_app.c:881:13:OnNvmDataChange	16	static
../LoRaWAN/App/lora_app.c:899:13:OnStoreContextRequest	16	static
../LoRaWAN/App/lora_app.c:918:13:OnRestoreContextRequest	16	static
