../Drivers/CMSIS/Include/core_cm4.h:1933:34:__NVIC_SystemReset	4	static,ignoring_inline_asm
../LoRaWAN/App/lora_app.c:343:6:LoRaWAN_Init	32	static
../LoRaWAN/App/lora_app.c:434:6:HAL_GPIO_EXTI_Callback	16	static
../LoRaWAN/App/lora_app.c:450:13:CurrentSensorCallback	32	static
../LoRaWAN/App/lora_app.c:482:13:OnRxData	32	static
../LoRaWAN/App/lora_app.c:521:13:SendTxData	16	static
../LoRaWAN/App/lora_app.c:545:13:OnTxTimerEvent	16	static
../LoRaWAN/App/lora_app.c:560:13:OnTxTimerLedEvent	16	static
../LoRaWAN/App/lora_app.c:567:13:OnRxTimerLedEvent	16	static
../LoRaWAN/App/lora_app.c:574:13:OnJoinTimerLedEvent	16	static
../LoRaWAN/App/lora_app.c:583:13:OnTxData	32	static
../LoRaWAN/App/lora_app.c:614:13:OnJoinRequest	16	static
../LoRaWAN/App/lora_app.c:626:13:OnBeaconStatusChange	96	static
../LoRaWAN/App/lora_app.c:661:13:OnClassChange	24	static
../LoRaWAN/App/lora_app.c:668:13:OnMacProcessNotify	8	static
../LoRaWAN/App/lora_app.c:680:13:OnTxPeriodicityChanged	16	static
../LoRaWAN/App/lora_app.c:702:13:OnTxFrameCtrlChanged	16	static
../LoRaWAN/App/lora_app.c:713:13:OnPingSlotPeriodicityChanged	16	static
../LoRaWAN/App/lora_app.c:724:13:OnSystemReset	8	static
../LoRaWAN/App/lora_app.c:738:13:StopJoin	8	static
../LoRaWAN/App/lora_app.c:778:13:OnStopJoinTimerEvent	16	static
../LoRaWAN/App/lora_app.c:796:13:StoreContext	16	static
../LoRaWAN/App/lora_app.c:818:13:OnNvmDataChange	16	static
../LoRaWAN/App/lora_app.c:836:13:OnStoreContextRequest	16	static
../LoRaWAN/App/lora_app.c:855:13:OnRestoreContextRequest	16	static
